2024-10-01 10:00:00 INFO: Application démarrée avec succès.
2024-10-01 10:05:00 WARNING: Utilisation élevée de la mémoire.
2024-10-01 10:10:00 ERROR: Échec de la connexion à la base de données.
2024-10-01 10:15:00 INFO: Nouvelle requête reçue.
2024-10-01 10:20:00 WARNING: Temps de réponse lent.
2024-10-01 10:25:00 ERROR: Timeout de la requête.
2024-10-01 10:30:00 INFO: Traitement de la requête terminé avec succès.
2024-10-01 10:35:00 INFO: Application en cours d'arrêt.
2024-10-01 10:00:00 INFO: Application démarrée avec succès.
2024-10-01 10:05:00 WARNING: Utilisation élevée de la mémoire.
2024-10-01 10:10:00 ERROR: Échec de la connexion à la base de données.
2024-10-01 10:15:00 INFO: Nouvelle requête reçue.
2024-10-01 10:20:00 WARNING: Temps de réponse lent.
2024-10-01 10:25:00 ERROR: Timeout de la requête.
2024-10-01 10:30:00 INFO: Traitement de la requête terminé avec succès.
2024-10-01 10:35:00 INFO: Application en cours d'arrêt.
2024-10-01 10:00:00 INFO: Application démarrée avec succès.
2024-10-01 10:05:00 WARNING: Utilisation élevée de la mémoire.
2024-10-01 10:10:00 ERROR: Échec de la connexion à la base de données.
2024-10-01 10:15:00 INFO: Nouvelle requête reçue.
2024-10-01 10:20:00 WARNING: Temps de réponse lent.
2024-10-01 10:25:00 ERROR: Timeout de la requête.
2024-10-01 10:30:00 INFO: Traitement de la requête terminé avec succès.
2024-10-01 10:35:00 INFO: Application en cours d'arrêt.
2024-10-01 10:00:00 INFO: Application démarrée avec succès.
2024-10-01 10:05:00 WARNING: Utilisation élevée de la mémoire.
2024-10-01 10:10:00 ERROR: Échec de la connexion à la base de données.
2024-10-01 10:15:00 INFO: Nouvelle requête reçue.
2024-10-01 10:20:00 WARNING: Temps de réponse lent.
2024-10-01 10:25:00 ERROR: Timeout de la requête.
2024-10-01 10:30:00 INFO: Traitement de la requête terminé avec succès.
2024-10-01 10:35:00 INFO: Application en cours d'arrêt.
2024-10-01 10:00:00 INFO: Application démarrée avec succès.
2024-10-01 10:05:00 WARNING: Utilisation élevée de la mémoire.
2024-10-01 10:10:00 ERROR: Échec de la connexion à la base de données.
2024-10-01 10:15:00 INFO: Nouvelle requête reçue.
2024-10-01 10:20:00 WARNING: Temps de réponse lent.
2024-10-01 10:25:00 ERROR: Timeout de la requête.
2024-10-01 10:30:00 INFO: Traitement de la requête terminé avec succès.
2024-10-01 10:35:00 INFO: Application en cours d'arrêt.
2024-10-01 10:00:00 INFO: Application démarrée avec succès.
2024-10-01 10:05:00 WARNING: Utilisation élevée de la mémoire.
2024-10-01 10:10:00 ERROR: Échec de la connexion à la base de données.
2024-10-01 10:15:00 INFO: Nouvelle requête reçue.
2024-10-01 10:20:00 WARNING: Temps de réponse lent.
2024-10-01 10:25:00 ERROR: Timeout de la requête.
2024-10-01 10:30:00 INFO: Traitement de la requête terminé avec succès.
2024-10-01 10:35:00 INFO: Application en cours d'arrêt.
2024-10-01 10:00:00 INFO: Application démarrée avec succès.
2024-10-01 10:05:00 WARNING: Utilisation élevée de la mémoire.
2024-10-01 10:10:00 ERROR: Échec de la connexion à la base de données.
2024-10-01 10:15:00 INFO: Nouvelle requête reçue.
2024-10-01 10:20:00 WARNING: Temps de réponse lent.
2024-10-01 10:25:00 ERROR: Timeout de la requête.
2024-10-01 10:30:00 INFO: Traitement de la requête terminé avec succès.
2024-10-01 10:35:00 INFO: Application en cours d'arrêt.
2024-10-01 10:00:00 INFO: Application démarrée avec succès.
2024-10-01 10:05:00 WARNING: Utilisation élevée de la mémoire.
2024-10-01 10:10:00 ERROR: Échec de la connexion à la base de données.
2024-10-01 10:15:00 INFO: Nouvelle requête reçue.
2024-10-01 10:20:00 WARNING: Temps de réponse lent.
2024-10-01 10:25:00 ERROR: Timeout de la requête.
2024-10-01 10:30:00 INFO: Traitement de la requête terminé avec succès.
2024-10-01 10:35:00 INFO: Application en cours d'arrêt.
2024-10-01 10:00:00 INFO: Application démarrée avec succès.
2024-10-01 10:05:00 WARNING: Utilisation élevée de la mémoire.
2024-10-01 10:10:00 ERROR: Échec de la connexion à la base de données.
2024-10-01 10:15:00 INFO: Nouvelle requête reçue.
2024-10-01 10:20:00 WARNING: Temps de réponse lent.
2024-10-01 10:25:00 ERROR: Timeout de la requête.
2024-10-01 10:30:00 INFO: Traitement de la requête terminé avec succès.
2024-10-01 10:35:00 INFO: Application en cours d'arrêt.
2024-10-01 10:00:00 INFO: Application démarrée avec succès.
2024-10-01 10:05:00 WARNING: Utilisation élevée de la mémoire.
2024-10-01 10:10:00 ERROR: Échec de la connexion à la base de données.
2024-10-01 10:15:00 INFO: Nouvelle requête reçue.
2024-10-01 10:20:00 WARNING: Temps de réponse lent.
2024-10-01 10:25:00 ERROR: Timeout de la requête.
2024-10-01 10:30:00 INFO: Traitement de la requête terminé avec succès.
2024-10-01 10:35:00 INFO: Application en cours d'arrêt.
2024-10-01 10:00:00 INFO: Application démarrée avec succès.
2024-10-01 10:05:00 WARNING: Utilisation élevée de la mémoire.
2024-10-01 10:10:00 ERROR: Échec de la connexion à la base de données.
2024-10-01 10:15:00 INFO: Nouvelle requête reçue.
2024-10-01 10:20:00 WARNING: Temps de réponse lent.
2024-10-01 10:25:00 ERROR: Timeout de la requête.
2024-10-01 10:30:00 INFO: Traitement de la requête terminé avec succès.
2024-10-01 10:35:00 INFO: Application en cours d'arrêt.
2024-10-01 10:00:00 INFO: Application démarrée avec succès.
2024-10-01 10:05:00 WARNING: Utilisation élevée de la mémoire.
2024-10-01 10:10:00 ERROR: Échec de la connexion à la base de données.
2024-10-01 10:15:00 INFO: Nouvelle requête reçue.
2024-10-01 10:20:00 WARNING: Temps de réponse lent.
2024-10-01 10:25:00 ERROR: Timeout de la requête.
2024-10-01 10:30:00 INFO: Traitement de la requête terminé avec succès.
2024-10-01 10:35:00 INFO: Application en cours d'arrêt.
2024-10-01 10:00:00 INFO: Application démarrée avec succès.
2024-10-01 10:05:00 WARNING: Utilisation élevée de la mémoire.
2024-10-01 10:10:00 ERROR: Échec de la connexion à la base de données.
2024-10-01 10:15:00 INFO: Nouvelle requête reçue.
2024-10-01 10:20:00 WARNING: Temps de réponse lent.
2024-10-01 10:25:00 ERROR: Timeout de la requête.
2024-10-01 10:30:00 INFO: Traitement de la requête terminé avec succès.
2024-10-01 10:35:00 INFO: Application en cours d'arrêt.
2024-10-01 10:00:00 INFO: Application démarrée avec succès.
2024-10-01 10:05:00 WARNING: Utilisation élevée de la mémoire.
2024-10-01 10:10:00 ERROR: Échec de la connexion à la base de données.
2024-10-01 10:15:00 INFO: Nouvelle requête reçue.
2024-10-01 10:20:00 WARNING: Temps de réponse lent.
2024-10-01 10:25:00 ERROR: Timeout de la requête.
2024-10-01 10:30:00 INFO: Traitement de la requête terminé avec succès.
2024-10-01 10:35:00 INFO: Application en cours d'arrêt.
2024-10-01 10:00:00 INFO: Application démarrée avec succès.
2024-10-01 10:05:00 WARNING: Utilisation élevée de la mémoire.
2024-10-01 10:10:00 ERROR: Échec de la connexion à la base de données.
2024-10-01 10:15:00 INFO: Nouvelle requête reçue.
2024-10-01 10:20:00 WARNING: Temps de réponse lent.
2024-10-01 10:25:00 ERROR: Timeout de la requête.
2024-10-01 10:30:00 INFO: Traitement de la requête terminé avec succès.
2024-10-01 10:35:00 INFO: Application en cours d'arrêt.